(RootNamespace
  (Membership visibility="default"
    (Definition kind="action" abstract=false variation=false name="WorkflowAction"
      (Membership visibility="default"
        (Usage kind="part" name="x" ref=true direction="in" composite=false derived=false ordered=false nonunique=false
          (Relationship kind="typing" target=Real
            (*ast.QualifiedName))))
      (Membership visibility="default"
        (Usage kind="part" name="y" ref=true direction="out" composite=false derived=false ordered=false nonunique=false
          (Relationship kind="typing" target=Real
            (*ast.QualifiedName))))
      (Usage kind="action" name="start" ref=false direction="none" composite=false derived=false ordered=false nonunique=false)
      (Membership visibility="default"
        (Usage kind="action" name="compute" ref=false direction="none" composite=false derived=false ordered=false nonunique=false
          (Membership visibility="default"
            (Usage kind="part" name="data" ref=true direction="in" composite=false derived=false ordered=false nonunique=false
              (Relationship kind="typing" target=Real
                (*ast.QualifiedName))))
          (Membership visibility="default"
            (Usage kind="attribute" name="temp" ref=false direction="none" composite=false derived=false ordered=false nonunique=false
              (Relationship kind="typing" target=Real
                (*ast.QualifiedName))))))
      (Membership visibility="default"
        (Usage kind="attribute" name="counter" ref=false direction="none" composite=false derived=false ordered=false nonunique=false
          (Relationship kind="typing" target=Integer
            (*ast.QualifiedName)))))))