(RootNamespace
  (Membership visibility="default"
    (Package name="FirstNamingADeclaredNode" library=false standard=false
      (Membership visibility="default"
        (Definition kind="action" abstract=false variation=false name="Compact"
          (Usage kind="action" name="s1" ref=false direction="none" composite=false derived=false ordered=false nonunique=false)
          (Usage kind="action" name="s2" ref=false direction="none" composite=false derived=false ordered=false nonunique=false)
          (InitialNode name="s1" successor="s2")))
      (Membership visibility="default"
        (Definition kind="action" abstract=false variation=false name="Split"
          (Usage kind="action" name="s1" ref=false direction="none" composite=false derived=false ordered=false nonunique=false)
          (Usage kind="action" name="s2" ref=false direction="none" composite=false derived=false ordered=false nonunique=false)
          (InitialNode name="s1" successor="")
          (SuccessionEdge source="s1" target="s2")))
      (Membership visibility="default"
        (Definition kind="action" abstract=false variation=false name="OwnInitialNode"
          (Usage kind="action" name="s1" ref=false direction="none" composite=false derived=false ordered=false nonunique=false)
          (InitialNode name="start" successor="")
          (SuccessionEdge source="start" target="s1"))))))