(RootNamespace
  (Membership visibility="default"
    (Package name="HistoryAndPoints" library=false standard=false
      (Membership visibility="default"
        (Usage kind="state" name="Controller" ref=false direction="none" composite=false derived=false ordered=false nonunique=false
          (*ast.StateNode)
          (Membership visibility="default"
            (Usage kind="state" name="outer" ref=false direction="none" composite=false derived=false ordered=false nonunique=false
              (*ast.SubstateMember)
              (*ast.SubstateMember)
              (PseudostateNode kind="shallow history" name="resume")
              (PseudostateNode kind="deep history" name="resumeDeep")
              (PseudostateNode kind="entry" name="into")
              (PseudostateNode kind="exit" name="outOf")))
          (*ast.SubstateMember)
          (Usage kind="succession" name="" ref=false direction="none" composite=false derived=false ordered=false nonunique=false
            (ConnectorEnd target="<nil>")
            (ConnectorEnd target="<nil>"))
          (TransitionMember source="first" target="second"
            (FeatureReference name="Next"))
          (TransitionMember source="second" target="away"
            (FeatureReference name="Leave"))
          (TransitionMember source="away" target="resume"
            (FeatureReference name="Back")))))))