%% VehicleViews::vehicleView — tree rendering
flowchart TD
  n0["part def Vehicles::Vehicle"]
  n1["part engine (Engine)"]
  n0 --- n1
  n2["part wheels (Wheel)"]
  n0 --- n2
  n3["connect"]
  n0 --- n3
  n4["view VehicleViews::vehicleView::engineSubview"]
  n5["part def Vehicles::Engine"]
  n6["attribute power"]
  n5 --- n6
  n7["part cylinder (Cylinder)"]
  n5 --- n7
  n4 --- n5
