step 1: token 1@*ast.ForkNode
step 2: token 2@listenNumber, token 3@listenText, token 4@gate
step 3: token 2@listenNumber, token 3@listenText, token 4@sender
eval literal "go" -> "go"
eval literal 5 -> 5
step 4: token 2@*ast.JoinNode, token 3@*ast.JoinNode, token 4@*ast.JoinNode
eval feature n -> 5
eval feature t -> "go"
step 5: token 5@*ast.FinalNode
step 6: no active tokens
