exit: lstart
enter: lwork
transition: lstart -> lwork
do: lwork
stmt action body
  stmt assign seq
        eval feature seq -> 0
        eval literal 10 -> 10
      eval operator * -> 0
      eval literal 1 -> 1
    eval operator + -> 1
  stmt assign seq
        eval feature seq -> 1
        eval literal 10 -> 10
      eval operator * -> 10
      eval literal 2 -> 2
    eval operator + -> 12
  stmt assign seq
        eval feature seq -> 12
        eval literal 10 -> 10
      eval operator * -> 120
      eval literal 3 -> 3
    eval operator + -> 123
exit: rstart
enter: rwork
transition: rstart -> rwork
do: rwork
stmt action body
  stmt assign seq
        eval feature seq -> 123
        eval literal 10 -> 10
      eval operator * -> 1230
      eval literal 4 -> 4
    eval operator + -> 1234
  stmt assign seq
        eval feature seq -> 1234
        eval literal 10 -> 10
      eval operator * -> 12340
      eval literal 5 -> 5
    eval operator + -> 12345
  stmt assign seq
        eval feature seq -> 12345
        eval literal 10 -> 10
      eval operator * -> 123450
      eval literal 6 -> 6
    eval operator + -> 123456
exit: lwork
enter: ldone
transition: lwork -> ldone
exit: rwork
enter: rdone
transition: rwork -> rdone
